b4fd b50d
700fe7a4 700fe7a8
40f1 4101
a720 ab20
374976 375976
bddf2c21bd690078271bdf3408fd7bca797a3d444c bddf2c21bd6a0078271bdf35090d7bca797a41444c
aea4c4e44d8269634b4c729e42cf5546c6ee595c307cb4c81ee7da1a94fdcf7d52cfd9a09800094a90ba6b26da49213898e737fa835cb5 aea4c4e44d8269634b4c729e42cf5546c6ee595c307cb4c81ee7da1aa4fdcf7d52cfd9a09800094aa0ba6b26da49213898e737fa835cb5
ced14550f0fa6e24 ced1455100fa6e24
7c282ccbd818f4b6ae00a1e6853ffd51f295a08f22faec71dc30cece9d817b36b880 7c282ccbd818f4b6ae00a1e6853ffd51f295a08f22faec71dc30cecead817b36b880
58abefad939e0b60a8c4361f71ed21d1197dec3fb230ae49ebab1e991e0d3d85ae85c98202d3e41149599174abcd31911c82a5181686e7d41cdc12745d51c0fd7eaf235a63dd1a3ef94204ed13f84a19132bfbfa945a79e6e3 58abefad939e0b60a8c4361f71ed61d5197dec3fb230ae49ebab1e991e0d4185ae85c98202d4241149599174abcd31911c82a5181686e7d41cdc12755d51c0fd7eaf235aa3dd1a3ef94204ed14384a19132bfbfa945ab9e6e3
0dc29e0e996d731ea14109a289d925393200e8c89e623326c5834c7eee0ef244669aedf1c51c870102a5990fe498a45dd57d0fd9c57abcfe10ee1a4413467bcb34bea5903768e7f0f2169ed1634905acb617f74250ae08ba3fcdf4652e73d0bbd4cf75fcf8f5305829395b8b3abe8041475a50fe7a7193fcc225ec3beaeeff48044fc870fa3234f8d2d3c7debd79bc12 0dc29e0ea96d731ea14109a289d925393200e8c89e623326c5834c7eee0ef244669aedf1c51c870102a5990fe498a45dd57d50d9c57abd0e10ee1a8413567bcb34bea9903768e7f0f2169ed5634905acb617f74250ae08ba3fcdf4652e73d0bbd4cf75fd08f530582a395b8b3abe8041475a510e7a71943cc225ec3beaeeff58044fc870fa3235f8d2d3c7debd79bc12
6934e3d797ee8a96 6934e3d797ee8aa6
d24a10f141a2e964525ca0ad50 d64a10f141a2e964525ca0ad50
f55d1d8ebb7ed4aabc7a6a6c41729e8e8028940a66 f55d5d8ebb7ed4aabc7a6aac41729e8e8028940aa6
30eaefa548ade701d45228dab5357b1bd62306a9aae14ebebbcf0f5679f82eb64dbc 30eaefa948ade701d45228dab5357b1bd62306a9aae14ebebbcf105679f82eb64dbc
43ba09229ac74f18ba4e724bd3dabe1e155351ce05f0655a9c0bb0e82f9603549d5c05829243dac03d2c9686e1afe615c36349b4433101 43ba0922aac74f18ba4e724bd7dabe1e155351ce05f0655a9c0bb0e82f9603549d5c058292441ac03d6c9686e1afe615c36349b4433101
85b25687947a74b6ab92412bf99826c7cf469360c737edd158bf6d9ca267dc37cedb71441b2e90031bcb2b08fc64f6d0314c0515283f27fe1db0fd2a959b595147fcb0643834ea6de7329d93d88292b286d5309d773f0364c9 85b25687947a74b6ab92412bf99826c7cf469360c737edd158bf6d9ca267dc37cedb71441b2e90031bcb2b08fc6506d0314c0515283f27fe1db10d6a959b595147fcb0643834eaade7329d93d88292b286d5309d773f0364c9
d34534db29 d75535db29
22814baa90271bba1edbe94bfc8379dbab9ede059fd73a45eed7638ec16e79152df4 22814baaa0271bba1edbe94bfc8379dbab9ede059fd73a85eed7638ec16e79152df4
5e5358a6428ba49daa2895b3f4b5cf195a47d596f7b1536fc35034a105fdee4730ad03643fe7f5ab3830f172bc8e63afca6969a48800a8 5e5358aa428ba89daa2895b3f4b5d0195a87d596f7b1536fc35035a105fdee4730ad036443e7f5ab3830f172bc8e63afca696aa88800a8
b4bb6867994f3e13b449ab3080c423abffeb67f9a3b28a19ba6c14b34cb1a4aa0a18e6212beccc83c4e1ba27ece50a89455d0231ae46cc63a3f098676e8a1a60ca60e5b32d89c527a6ed12cf8fd56fdaf349fdd1d9fa687d8e b4bb686799504213b549ab3080c423abffeb67f9a3b28a19ba6c14b35cb1a8aa0a18e6212beccc83c4e1ba27ece50a89455d4231ae46cc63a3f098676e8a1a60caa0e5b32d89c527aaed52cf8fd56fdaf349fdd1d9faa87d8e
f0ac327a2c991e15d2a48442cc41db36a949c5130a45ab944731ab2ec59942ba54535615886ab3eee9ad6bf66d97c61a66c49ce8cac8cb40996a621da6ed0b36476cd3d5212c9395ec7dcfa1303e2ca7c60600c8b57bc64fa49b052ec867b052e6c894590bb042aa6197342ac9a2df165c5a571c4c0f405c59ca80b09cec179968f5e6fa56f29b3de912c4952e1e6dea f0ac327a2c991e15d2a88442cc41db36a949c5130a45ab944731ab2ec59942ba94535615886ab3eee9ad6bf66d97c61a66c49ce8cac8cb50996a621daaed4b36476cd7d5212c9395ec7dd0a1303e2ca7c60600c8b57bc64fa49b052ec867b052e6c894590bb042aaa197342ac9a2df165c5a571c4c0f505c59ca80b09cec179968f5e6fa56f29b41e912c4952e1e6dea
